Godot Engine v4.5.1.stable.official.f62fdbde1 - https://godotengine.org

TEST: Act 1 Flow Verification
  Γ£ô QuestData loaded: Find the Pharmaka
  Γ£ô RecipeData loaded: Transformation Sap
  Γ£ô DialogueData file exists
Γ£à ACT 1 RESOURCES VERIFIED
[GameState] Initialized
[GameState] Registered crop: wheat
[GameState] Registered crop: nightshade
[GameState] Registered crop: moly
[GameState] Registered item: wheat_seed
[GameState] Registered item: wheat
[GameState] Registered item: nightshade_seed
[GameState] Registered item: nightshade
[GameState] Registered item: moly_seed
[GameState] Registered item: moly
[GameState] Registries loaded
[GameState] Added 5 x wheat_seed (total: 5)
[GameState] Added 5 x nightshade_seed (total: 5)
[GameState] Added 5 x moly_seed (total: 5)
[GameState] Added starter items
[AudioController] Initialized
[SceneManager] Initialized
[QuestManager] Initialized
.\Godot_v4.5.1-stable_win64.e
xe\Godot_v4.5.1-stable_win64_
console.exe : SCRIPT ERROR: 
Invalid access to property 
or key 'tree_exited' on a 
base object of type 'null 
instance'.
At line:1 char:1
+ .\Godot_v4.5.1-stable_win64
.exe\Godot_v4.5.1-stable_win6
4_console.exe ...
+ ~~~~~~~~~~~~~~~~~~~~~~~~~~~
~~~~~~~~~~~~~~~~~~~~~~~~~~~~~
~~~~~~~~~~~~~
    + CategoryInfo           
   : NotSpecified: (SCRIPT   
  ERROR: I...null instance   
 '.:String) [], RemoteExc    
eption
    + FullyQualifiedErrorId  
   : NativeCommandError
 
   at: _ready (res://addons/d
ebug_camera/scripts/DebugCamA
utoload.gd:11)
   GDScript backtrace (most 
recent call first):
       [0] _ready (res://addo
ns/debug_camera/scripts/Debug
CamAutoload.gd:11)
ERROR: Can't send message. 
No active debugger
   at: send_message 
(core/core_bind.cpp:2199)
   GDScript backtrace (most 
recent call first):
       [0] 
_deactivate_debug_mode (res:/
/addons/runtime_debug_tools/s
cripts/debugger_runtime.gd:17
2)
       [1] _ready (res://addo
ns/runtime_debug_tools/script
s/debugger_runtime.gd:27)
ERROR: Can't send message. 
No active debugger
   at: send_message 
(core/core_bind.cpp:2199)
   GDScript backtrace (most 
recent call first):
       [0] _ready (res://addo
ns/runtime_debug_tools/script
s/debugger_runtime.gd:29)
WARNING: 1 RID of type 
"CanvasItem" was leaked.
   at: _free_rids (servers/re
ndering/renderer_canvas_cull.
cpp:2676)
ERROR: 2 RID allocations of 
type 'N17RendererSceneCull6Ca
meraE' were leaked at exit.
ERROR: Capture not 
registered: 
'remote_inspector'.
   at: 
unregister_message_capture (c
ore/debugger/engine_debugger.
cpp:62)
WARNING: ObjectDB instances 
leaked at exit (run with 
--verbose for details).
   at: cleanup 
(core/object/object.cpp:2514)
ERROR: 2 resources still in 
use at exit (run with 
--verbose for details).
   at: clear 
(core/io/resource.cpp:795)
